../Core/Src/main.c:113:6:process_commands	8
../Core/Src/main.c:173:5:gps_checksum	4
../Core/Src/main.c:196:5:nmea_GPGLL	14
../Core/Src/main.c:243:5:nmea_GPGSA	5
../Core/Src/main.c:266:5:nmea_GPGGA	16
../Core/Src/main.c:325:6:nmea_parse	10
../Core/Src/main.c:365:6:HAL_UARTEx_RxEventCallback	3
../Core/Src/main.c:388:6:HAL_UART_RxCpltCallback	5
../Core/Src/main.c:432:5:main	2
../Core/Src/main.c:524:6:SystemClock_Config	3
../Core/Src/main.c:569:6:PeriphCommonClock_Config	2
../Core/Src/main.c:590:13:MX_I2C1_Init	2
../Core/Src/main.c:624:13:MX_I2S2_Init	2
../Core/Src/main.c:658:13:MX_I2S3_Init	2
../Core/Src/main.c:692:13:MX_SPI1_Init	2
../Core/Src/main.c:730:13:MX_USART1_UART_Init	2
../Core/Src/main.c:763:13:MX_USART2_UART_Init	2
../Core/Src/main.c:794:13:MX_DMA_Init	1
../Core/Src/main.c:812:13:MX_GPIO_Init	1
../Core/Src/main.c:897:6:Error_Handler	1
