../Core/Src/main.c:104:6:nmea_GPGLL	1
../Core/Src/main.c:110:6:nmea_GPGSA	1
../Core/Src/main.c:116:6:nmea_GPGGA	1
../Core/Src/main.c:122:6:nmea_parse	8
../Core/Src/main.c:162:6:HAL_UARTEx_RxEventCallback	2
../Core/Src/main.c:191:5:main	1
../Core/Src/main.c:257:6:SystemClock_Config	3
../Core/Src/main.c:302:6:PeriphCommonClock_Config	2
../Core/Src/main.c:323:13:MX_I2C1_Init	2
../Core/Src/main.c:357:13:MX_I2S2_Init	2
../Core/Src/main.c:391:13:MX_I2S3_Init	2
../Core/Src/main.c:425:13:MX_SPI1_Init	2
../Core/Src/main.c:463:13:MX_USART1_UART_Init	2
../Core/Src/main.c:496:13:MX_USART2_UART_Init	2
../Core/Src/main.c:527:13:MX_DMA_Init	1
../Core/Src/main.c:545:13:MX_GPIO_Init	1
../Core/Src/main.c:630:6:Error_Handler	1
