../Core/Src/main.c:113:6:process_commands	144	static
../Core/Src/main.c:173:5:gps_checksum	32	static
../Core/Src/main.c:196:5:nmea_GPGLL	232	static
../Core/Src/main.c:243:5:nmea_GPGSA	152	static
../Core/Src/main.c:266:5:nmea_GPGGA	232	static
../Core/Src/main.c:325:6:nmea_parse	40	static
../Core/Src/main.c:365:6:HAL_UARTEx_RxEventCallback	24	static
../Core/Src/main.c:388:6:HAL_UART_RxCpltCallback	48	static
../Core/Src/main.c:432:5:main	56	static
../Core/Src/main.c:524:6:SystemClock_Config	88	static
../Core/Src/main.c:569:6:PeriphCommonClock_Config	32	static
../Core/Src/main.c:590:13:MX_I2C1_Init	8	static
../Core/Src/main.c:624:13:MX_I2S2_Init	8	static
../Core/Src/main.c:658:13:MX_I2S3_Init	8	static
../Core/Src/main.c:692:13:MX_SPI1_Init	8	static
../Core/Src/main.c:730:13:MX_USART1_UART_Init	8	static
../Core/Src/main.c:763:13:MX_USART2_UART_Init	8	static
../Core/Src/main.c:794:13:MX_DMA_Init	16	static
../Core/Src/main.c:812:13:MX_GPIO_Init	56	static
../Core/Src/main.c:897:6:Error_Handler	4	static,ignoring_inline_asm
