../Core/Src/main.c:104:6:process_commands	144	static
../Core/Src/main.c:164:10:get_unique_id	16	static
../Core/Src/main.c:168:6:display_gps_data	96	static
../Core/Src/main.c:199:6:HAL_UARTEx_RxEventCallback	24	static
../Core/Src/main.c:222:6:HAL_UART_RxCpltCallback	48	static
../Core/Src/main.c:266:5:main	72	static
../Core/Src/main.c:353:6:SystemClock_Config	88	static
../Core/Src/main.c:399:13:MX_I2C1_Init	8	static
../Core/Src/main.c:433:13:MX_I2S2_Init	8	static
../Core/Src/main.c:467:13:MX_SPI1_Init	8	static
../Core/Src/main.c:505:13:MX_USART1_UART_Init	8	static
../Core/Src/main.c:538:13:MX_USART2_UART_Init	8	static
../Core/Src/main.c:569:13:MX_DMA_Init	16	static
../Core/Src/main.c:587:13:MX_GPIO_Init	56	static
../Core/Src/main.c:700:6:Error_Handler	4	static,ignoring_inline_asm
