../Core/Src/main.c:103:6:process_commands	8
../Core/Src/main.c:163:10:get_unique_id	1
../Core/Src/main.c:167:6:display_gps_data	1
../Core/Src/main.c:198:6:HAL_UARTEx_RxEventCallback	3
../Core/Src/main.c:221:6:HAL_UART_RxCpltCallback	5
../Core/Src/main.c:265:5:main	2
../Core/Src/main.c:349:6:SystemClock_Config	3
../Core/Src/main.c:395:13:MX_I2C1_Init	2
../Core/Src/main.c:429:13:MX_I2S2_Init	2
../Core/Src/main.c:463:13:MX_SPI1_Init	2
../Core/Src/main.c:501:13:MX_USART1_UART_Init	2
../Core/Src/main.c:534:13:MX_USART2_UART_Init	2
../Core/Src/main.c:565:13:MX_DMA_Init	1
../Core/Src/main.c:583:13:MX_GPIO_Init	1
../Core/Src/main.c:696:6:Error_Handler	1
