../Core/Src/main.c:100:6:process_commands	144	static
../Core/Src/main.c:161:6:HAL_UARTEx_RxEventCallback	24	static
../Core/Src/main.c:184:6:HAL_UART_RxCpltCallback	48	static
../Core/Src/main.c:228:5:main	56	static
../Core/Src/main.c:320:6:SystemClock_Config	88	static
../Core/Src/main.c:365:6:PeriphCommonClock_Config	32	static
../Core/Src/main.c:386:13:MX_I2C1_Init	8	static
../Core/Src/main.c:420:13:MX_I2S2_Init	8	static
../Core/Src/main.c:454:13:MX_I2S3_Init	8	static
../Core/Src/main.c:488:13:MX_SPI1_Init	8	static
../Core/Src/main.c:526:13:MX_USART1_UART_Init	8	static
../Core/Src/main.c:559:13:MX_USART2_UART_Init	8	static
../Core/Src/main.c:590:13:MX_DMA_Init	16	static
../Core/Src/main.c:608:13:MX_GPIO_Init	56	static
../Core/Src/main.c:693:6:Error_Handler	4	static,ignoring_inline_asm
