../Core/Src/main.c:100:6:process_commands	8
../Core/Src/main.c:161:6:HAL_UARTEx_RxEventCallback	3
../Core/Src/main.c:184:6:HAL_UART_RxCpltCallback	5
../Core/Src/main.c:228:5:main	2
../Core/Src/main.c:320:6:SystemClock_Config	3
../Core/Src/main.c:365:6:PeriphCommonClock_Config	2
../Core/Src/main.c:386:13:MX_I2C1_Init	2
../Core/Src/main.c:420:13:MX_I2S2_Init	2
../Core/Src/main.c:454:13:MX_I2S3_Init	2
../Core/Src/main.c:488:13:MX_SPI1_Init	2
../Core/Src/main.c:526:13:MX_USART1_UART_Init	2
../Core/Src/main.c:559:13:MX_USART2_UART_Init	2
../Core/Src/main.c:590:13:MX_DMA_Init	1
../Core/Src/main.c:608:13:MX_GPIO_Init	1
../Core/Src/main.c:693:6:Error_Handler	1
